/* Generated by CIL v. 1.7.4 */
/* print_CIL_Input is false */

#line 1 "array-init0.c"
int f(void) {
  char b[0];

  {
#line 3
    return (0);
  }
}
