/* Generated by CIL v. 1.7.3 */
/* print_CIL_Input is false */

#line 1 "claml/array-subscript3.c"
char a ;
#line 1
char c ;
#line 2
int *b ;
#line 3 "claml/array-subscript3.c"
int d(void) 
{ 


  {
#line 3
  return (*(b + (& c - & a)));
}
}
