/* Generated by CIL v. 1.7.3 */
/* print_CIL_Input is false */

#line 1 "binop1.c"
int main(int argc, char *argv[]) {
  char **pp;

  {
    {
#line 2
      pp = argv + 1;
#line 3
      sparrow_print(pp);
    }
    return (0);
  }
}
