/* Generated by CIL v. 1.7.4 */
/* print_CIL_Input is false */

#line 1 "block0.c"
void f(void) {
  int x;
  int y;
  int y___0;

  {
#line 5
    x = 1;
#line 6
    y = 2;
#line 9
    y___0 = 1;
    return;
  }
}
