/* Generated by CIL v. 1.7.4 */
/* print_CIL_Input is false */

#line 1 "cast1.c"
int f(void) {

  {
    {
#line 1
      f();
    }
    return (0);
  }
}
#line 3 "cast1.c"
int main(void) {

  {
    {
#line 4
      f();
    }
#line 5
    return (0);
  }
}
