/* Generated by CIL v. 1.7.4 */
/* print_CIL_Input is false */

#line 1 "compound-literal1.c"
int tmp[2] = {2, 4};
#line 1 "compound-literal1.c"
int *p = (int *)tmp;
#line 2 "compound-literal1.c"
int q[2] = {2, 4};
#line 3 "compound-literal1.c"
int g = (int)1.2;
