/* Generated by CIL v. 1.7.4 */
/* print_CIL_Input is false */

#line 1 "compound-literal0.c"
struct a {
  int f1;
  int f2;
};
#line 5 "compound-literal0.c"
int b(void) {
  struct a *p;
  struct a tmp;

  {
#line 6
    tmp.f1 = 1;
#line 6
    tmp.f2 = 2;
#line 6
    p = &tmp;
#line 7
    return (p->f1);
  }
}
