/* Generated by CIL v. 1.7.3 */
/* print_CIL_Input is false */

#line 1 "for0.c"
int main(int argc, char *argv[]) {
  int i;
  int __cil_tmp4;

  {
#line 3
    i = 0;
    {
#line 3
      while (1) {
      while_continue: /* CIL Label */;
#line 3
        if (!argv[i]) {
#line 3
          goto while_break;
        }

#line 3
        i++;
      }
    while_break: /* CIL Label */;
    }
    {
#line 5
      sparrow_print(i);
    }
    return (0);
  }
}
