/* Generated by CIL v. 1.7.3 */
/* print_CIL_Input is false */

#line 1 "function0.c"
int g(void) {

  {
#line 1
    return (0);
  }
}
#line 2 "function0.c"
void f(void) {
  int x;
  int __cil_tmp2;

  {
    {
#line 4
      x = g();
    }
    return;
  }
}
