/* Generated by CIL v. 1.7.3 */
/* print_CIL_Input is false */

#line 3 "indirect-field2.c"
struct __anonstruct_2 {
  int c;
};
#line 2 "indirect-field2.c"
struct __anonstruct_1 {
  struct __anonstruct_2 b;
};
#line 1 "indirect-field2.c"
struct __anonstruct_0 {
  struct __anonstruct_1;
  struct __anonstruct_2 b;
};
#line 7
struct __anonstruct_0 a;
#line 8 "indirect-field2.c"
int c(void) {

  {
#line 8
    return (a.b.c);
  }
}
