/* Generated by CIL v. 1.7.3 */
/* print_CIL_Input is false */

#line 1 "init-list3.c"
struct __anonstruct_0 {
  unsigned int a;
};
#line 3 "init-list3.c"
typedef struct __anonstruct_0 my_type;
#line 4 "init-list3.c"
my_type myType = {(unsigned int)(&myType)};
#line 5 "init-list3.c"
int main(void) {

  {
#line 5
    return (0);
  }
}
