/* Generated by CIL v. 1.7.4 */
/* print_CIL_Input is false */

#line 1 "local-array0.c"
int f(int x) {
  int l[4];

  {
#line 2
    l[0] = 1;
#line 2
    l[1] = 2;
#line 2
    l[2] = 3;
#line 2
    l[3] = 4;
#line 3
    return (1);
  }
}
