/* Generated by CIL v. 1.7.3 */
/* print_CIL_Input is false */

#line 1 "local-array1.c"
int main(void) {
  int two_dim[1][2];

  {
    {
#line 2
      two_dim[0][0] = 1;
#line 2
      two_dim[0][1] = 2;
#line 4
      sparrow_print((int *)two_dim[0]);
#line 5
      sparrow_print(two_dim[0][0]);
    }
    return (0);
  }
}
