/* Generated by CIL v. 1.7.3 */
/* print_CIL_Input is false */

#line 1 "local-init3.c"
struct Base {
  float f;
};
#line 4 "local-init3.c"
struct _A {
  struct Base base;
  int arr[3];
};
#line 7 "local-init3.c"
typedef struct _A A;
#line 8 "local-init3.c"
struct _B {
  A sa[2];
  int b;
};
#line 11 "local-init3.c"
typedef struct _B B;
#line 12 "local-init3.c"
int main(void) {
  B b;
  unsigned int tmp;
  unsigned int tmp___0;

  {
#line 12
    b.sa[0].base.f = (float)1;
#line 12
    b.sa[0].arr[0] = (int)2;
#line 12
    b.sa[0].arr[1] = (int)3;
#line 12
    tmp = (unsigned int)2;
    {
#line 12
      while (1) {
      while_continue: /* CIL Label */;
#line 12
        if (tmp >= 3) {
#line 12
          goto while_break;
        }
#line 12
        b.sa[0].arr[tmp] = 0;
#line 12
        tmp++;
      }
    while_break: /* CIL Label */;
    }
#line 12
    tmp___0 = (unsigned int)1;
    {
#line 12
      while (1) {
      while_continue___0: /* CIL Label */;
#line 12
        if (tmp___0 >= 2) {
#line 12
          goto while_break___0;
        }
#line 12
        b.sa[tmp___0].base.f = 0.f;
#line 12
        b.sa[tmp___0].arr[0] = (int)0;
#line 12
        b.sa[tmp___0].arr[1] = (int)0;
#line 12
        b.sa[tmp___0].arr[2] = (int)0;
#line 12
        tmp___0++;
      }
    while_break___0: /* CIL Label */;
    }
#line 12
    b.b = 0;
    return (0);
  }
}
