/* Generated by CIL v. 1.7.4 */
/* print_CIL_Input is false */

#line 1 "long0.c"
int main(void) {
  int x;

  {
#line 2
    x = (int)-1L;
#line 3
    return (0);
  }
}
