/* Generated by CIL v. 1.7.3 */
/* print_CIL_Input is false */

#line 1 "pointer2.c"
void f(char *p) {

  {
#line 1
    *(p + 1) = (char)10;
    return;
  }
}
