/* Generated by CIL v. 1.7.4 */
/* print_CIL_Input is false */

#line 1 "pointer9.c"
int zip(int a, int b) {

  {
#line 1
    return (0);
  }
}
#line 2 "pointer9.c"
int unzip(int a, int b) {

  {
#line 2
    return (0);
  }
}
#line 4 "pointer9.c"
int (*work)(int, int) = &zip;
#line 6 "pointer9.c"
int main(void) {

  {
    {
#line 7
      work = &unzip;
#line 8
      sparrow_print(&*work);
    }
#line 9
    return (0);
  }
}
