/* Generated by CIL v. 1.7.4 */
/* print_CIL_Input is false */

#line 1 "return2.c"
void fn(void) {

  { return; }
}
#line 3 "return2.c"
int main(void) {

  {
    {
#line 4
      fn();
    }
#line 5
    return (0);
  }
}
