/* Generated by CIL v. 1.7.4 */
/* print_CIL_Input is false */

#line 6 "static0.c"
struct S {
  int (*fp)(void);
};
#line 1 "static0.c"
static int static_f(void) {

  {
#line 1
    return (0);
  }
}
#line 2 "static0.c"
static int static2_f(void) {

  {
#line 2
    return (0);
  }
}
#line 4 "static0.c"
int non_static_f(void) {

  {
#line 4
    return (0);
  }
}
#line 10 "static0.c"
struct S s = {&static_f};
