/* Generated by CIL v. 1.7.4 */
/* print_CIL_Input is false */

#line 1 "stmtexpr0.c"
int main(void) {
  int x;

  {
#line 2
    x = 0;
#line 6
    return (0);
  }
}
