/* Generated by CIL v. 1.7.4 */
/* print_CIL_Input is false */

#line 1 "stmt0.c"
int main(void) {
  int x;
  int y;
  int __cil_tmp3;

  {
#line 2
    x = 1;
#line 2
    y = 0;
    {
#line 3
      while (1) {
      while_continue: /* CIL Label */;
#line 3
        if (!(x < 10)) {
#line 3
          goto while_break;
        }
#line 4
        y++;
      }
    while_break: /* CIL Label */;
    }
#line 6
    return (x + 1);
  }
}
