/* Generated by CIL v. 1.7.3 */
/* print_CIL_Input is false */

#line 3 "struct3.c"
struct __anonstruct_0 {
  unsigned int __low;
  unsigned int __high;
};
#line 1 "struct3.c"
struct __pthread_cond_s {
  unsigned long long __wseq;
  struct __anonstruct_0 __wseq32;
};
#line 9 "struct3.c"
int main(void) {
  struct __pthread_cond_s a;

  {
#line 11
    return (0);
  }
}
