/* Generated by CIL v. 1.7.3 */
/* print_CIL_Input is false */

#line 1 "struct9.c"
struct bfd;
#line 1 "struct9.c"
typedef struct bfd bfd;
#line 3 "struct9.c"
struct bfd {
  int cacheable;
};
#line 7 "struct9.c"
void f(bfd *b) {

  {
#line 7
    b->cacheable = 1;
    return;
  }
}
