/* Generated by CIL v. 1.7.3 */
/* print_CIL_Input is false */

#line 1 "struct0.c"
struct __anonstruct_0 {
  int __val[2];
};
#line 3 "struct0.c"
typedef struct __anonstruct_0 __fsid_t;
#line 5
__fsid_t gg;
#line 7 "struct0.c"
int f(int x) {
  __fsid_t a;

  {
#line 9
    a.__val[0] = 1;
#line 10
    return (1);
  }
}
