/* Generated by CIL v. 1.7.4 */
/* print_CIL_Input is false */

#line 1 "type0.c"
struct _IO_FILE;
#line 2 "type0.c"
typedef struct _IO_FILE FILE;
#line 3
extern struct _IO_FILE *stdout;
#line 5
__inline extern int vprintf(char const *__fmt, __builtin_va_list __arg)
    __attribute__((__gnu_inline__));
#line 5 "type0.c"
__inline extern int vprintf(char const *__fmt, __builtin_va_list __arg) {
  int __cil_tmp3;

  {
    {
#line 6
      __cil_tmp3 = vfprintf(stdout, __fmt, __arg);
    }
#line 6
    return (__cil_tmp3);
  }
}
