/* Generated by CIL v. 1.7.3 */
/* print_CIL_Input is false */

#line 1 "type1.c"
enum a { b = 0 };
#line 2 "type1.c"
struct c {
  enum a d;
};
#line 5 "type1.c"
typedef int c;
#line 6
struct c a;
#line 7 "type1.c"
int main(void) {

  {
#line 7
    return ((int)a.d);
  }
}
