/* Generated by CIL v. 1.7.3 */
/* print_CIL_Input is false */

#line 1 "unicode0.c"
int main(void) {
  char x;

  {
    {
#line 2
      x = (char)4294967168U;
#line 3
      printf("%u\n", (int)x);
    }
#line 4
    return (0);
  }
}
