/* Generated by CIL v. 1.7.4 */
/* print_CIL_Input is false */

#line 1 "vaarg0.c"
__builtin_va_list a;
#line 2 "vaarg0.c"
int b(void) {
  int *__cil_tmp1;

  { return (0); }
}
