/* Generated by CIL v. 1.7.3 */
/* print_CIL_Input is false */

#line 1 "while1.c"
void f(int x) {
  int __cil_tmp2;

  {
    {
#line 2
      while (1) {
      while_continue: /* CIL Label */;
#line 2
        if (!x) {
#line 2
          goto while_break;
        }
#line 3
        x++;
#line 4
        goto while_break;
      }
    while_break: /* CIL Label */;
    }
    return;
  }
}
