/* Generated by CIL v. 1.7.3 */
/* print_CIL_Input is false */

#line 2 "clang/array-subscript4.c"
int a(void) 
{ 
  int **ptr ;

  {
#line 4
  if (*(*ptr + 0) == 0) {
#line 5
    return (0);
  }

  return (0);
}
}
