/* Generated by CIL v. 1.7.3 */
/* print_CIL_Input is false */

#line 1 "array-init0.c"
int f(void) {

  {
#line 3
    return (0);
  }
}
