/* Generated by CIL v. 1.7.4 */
/* print_CIL_Input is false */

#line 1 "attribute0.c"
char const *x = (char const *)0;
#line 3 "attribute0.c"
void f(void) {
  char const *p;

  {
#line 3
    p = x;
    return;
  }
}
