/* Generated by CIL v. 1.7.4 */
/* print_CIL_Input is false */

#line 1 "attribute1.c"
__inline void f(void) {
  int x;

  {
#line 1
    x = 0;
    return;
  }
}
