/* Generated by CIL v. 1.7.3 */
/* print_CIL_Input is false */

#line 1 "goto1.c"
void f(void) {
  int x;
  int y;

  {
  L:
#line 4
    x = 1;
#line 5
    y = 2;
#line 6
    goto L;

#line 8
    goto L;
#line 9
    goto L;
  }
}
