/* Generated by CIL v. 1.7.4 */
/* print_CIL_Input is false */

#line 1 "if3.c"
typedef int a();
#line 2
int b();
#line 3 "if3.c"
int c(void) {
  int __cil_tmp1;

  {
    {
#line 4
      __cil_tmp1 = ((a *)b)();
    }
#line 4
    if (__cil_tmp1) {
    }
    return (0);
  }
}
