/* Generated by CIL v. 1.7.4 */
/* print_CIL_Input is false */

#line 1 "implicit-cast4.c"
int a(void) {

  { return (0); }
}
