/* Generated by CIL v. 1.7.3 */
/* print_CIL_Input is false */

#line 1 "clang/init-list2.c"
char f(void) 
{ 
  char tmp[1] ;
  unsigned int tmp___0 ;

  {

#line 2
  tmp___0 = (unsigned int )0;
  {
#line 2
  while (1) {
    while_continue: /* CIL Label */ ;
#line 2
    if (tmp___0 >= 1) {
#line 2
      goto while_break;
    }
#line 2
    tmp[tmp___0] = 0;
#line 2
    tmp___0 ++;
  }
  while_break: /* CIL Label */ ;
  }
#line 3
  return (tmp[0]);
}
}
