/* Generated by CIL v. 1.7.4 */
/* print_CIL_Input is false */

#line 1 "label1.c"
void f(void) {
  int y;

  {
  y:
#line 4
    y = 1;
#line 5
    goto y;
  }
}
