/* Generated by CIL v. 1.7.3 */
/* print_CIL_Input is false */

#line 2 "local-init9.c"
struct atom {
  int A[42];
  int b;
};
#line 6 "local-init9.c"
typedef struct atom atom_t;
#line 1 "local-init9.c"
int main(void) {
  static atom_t ramb16_atoms[1];
  unsigned int tmp;

  {
#line 8
    ramb16_atoms[0].A[0] = 17;
#line 8
    tmp = (unsigned int)1;
    {
#line 8
      while (1) {
      while_continue: /* CIL Label */;
#line 8
        if (tmp >= 42) {
#line 8
          goto while_break;
        }
#line 8
        ramb16_atoms[0].A[tmp] = 0;
#line 8
        tmp++;
      }
    while_break: /* CIL Label */;
    }
#line 8
    ramb16_atoms[0].b = 5;
#line 10
    return (0);
  }
}
