/* Generated by CIL v. 1.7.4 */
/* print_CIL_Input is false */

#line 1 "nested-init2.c"
struct A {
  int a;
  int arr[2];
};
#line 5 "nested-init2.c"
struct B {
  int a;
  struct A _a;
};
#line 10 "nested-init2.c"
struct B b = {1, {2, {3, 4}}};
#line 12 "nested-init2.c"
int main(void) {

  {
#line 12
    return (0);
  }
}
