/* Generated by CIL v. 1.7.4 */
/* print_CIL_Input is false */

#line 1 "pointer1.c"
int arr[4];
#line 2 "pointer1.c"
int (*p_arr)[] = (int (*)[])(&arr);
