/* Generated by CIL v. 1.7.3 */
/* print_CIL_Input is false */

#line 1 "struct5.c"
struct a {
  int b;
};
#line 4 "struct5.c"
struct __anonstruct_0 {
  struct a c;
};
#line 6 "struct5.c"
struct __anonstruct_0 d[] = {{{2}}};
