/* Generated by CIL v. 1.7.4 */
/* print_CIL_Input is false */

#line 1 "type2.c"
enum a { b = 0, c = 1 };
#line 2 "type2.c"
typedef int f;
#line 3 "type2.c"
struct f {
  enum a d;
};
#line 6 "type2.c"
struct f a = {(enum a)1};
#line 7 "type2.c"
int main(void) {
  f x;

  {
#line 8
    x = (f)a.d;
#line 9
    return (x);
  }
}
