/* Generated by CIL v. 1.7.4 */
/* print_CIL_Input is false */

#line 2 "usertype-in-local0.c"
struct A {
  int a;
};
#line 1 "usertype-in-local0.c"
int foo(void) {
  struct A sa;

  {
#line 5
    sa.a = 1;
    return (0);
  }
}
#line 9 "usertype-in-local0.c"
struct A {
  int a;
};
#line 8 "usertype-in-local0.c"
int main(void) {
  struct A sa;

  {
    {
#line 12
      sa.a = 1;
#line 13
      foo();
    }
    return (0);
  }
}
