/* Generated by CIL v. 1.7.3 */
/* print_CIL_Input is false */

#line 2 "usertype-in-local3.c"
struct A {
  int a;
};
#line 1 "usertype-in-local3.c"
void foo(void) {
  struct A sa;

  {
#line 5
    sa.a = 1;
    return;
  }
}
#line 9 "usertype-in-local3.c"
struct B {
  int b;
};
#line 8 "usertype-in-local3.c"
void bar(void) {
  struct B sb;

  {
#line 12
    sb.b = 1;
    return;
  }
}
