/* Generated by CIL v. 1.7.4 */
/* print_CIL_Input is false */

#line 1 "while0.c"
void f(void) {
  int x;

  {
#line 2
    x = 0;
    {
#line 3
      while (1) {
      while_continue: /* CIL Label */;
#line 4
        x++;
      }
    while_break: /* CIL Label */;
    }
  }
}
